Component: ARM Compiler 5.06 update 3 (build 300) Tool: armlink [4d35c9]

==============================================================================

Section Cross References

    clock.o(.text) refers to context_rvds.o(.text) for rt_hw_interrupt_disable
    clock.o(.text) refers to thread.o(.text) for rt_thread_self
    clock.o(.text) refers to timer.o(.text) for rt_timer_check
    clock.o(.text) refers to clock.o(.data) for rt_tick
    components.o(.text) refers to components.o(.rti_fn.0.end) for __rt_init_rti_board_start
    components.o(.text) refers to components.o(.rti_fn.1.end) for __rt_init_rti_board_end
    components.o(.text) refers to components.o(.rti_fn.6.end) for __rt_init_rti_end
    components.o(.rti_fn.0) refers to components.o(.text) for rti_start
    components.o(.rti_fn.0.end) refers to components.o(.text) for rti_board_start
    components.o(.rti_fn.1.end) refers to components.o(.text) for rti_board_end
    components.o(.rti_fn.6.end) refers to components.o(.text) for rti_end
    device.o(.text) refers to thread.o(.text) for rt_thread_self
    device.o(.text) refers to scheduler.o(.text) for rt_enter_critical
    device.o(.text) refers to object.o(.text) for rt_object_get_information
    device.o(.text) refers to kservice.o(.text) for rt_assert_handler
    device.o(.text) refers to mem.o(.text) for rt_malloc
    device.o(.text) refers to device.o(.constdata) for __FUNCTION__
    idle.o(.text) refers to context_rvds.o(.text) for rt_hw_interrupt_disable
    idle.o(.text) refers to irq.o(.text) for rt_interrupt_get_nest
    idle.o(.text) refers to kservice.o(.text) for rt_kprintf
    idle.o(.text) refers to scheduler.o(.text) for rt_enter_critical
    idle.o(.text) refers to object.o(.text) for rt_object_is_systemobject
    idle.o(.text) refers to mem.o(.text) for rt_free
    idle.o(.text) refers to thread.o(.text) for rt_thread_init
    idle.o(.text) refers to idle.o(.bss) for idle_hook_list
    idle.o(.text) refers to idle.o(.constdata) for __FUNCTION__
    idle.o(.text) refers to scheduler.o(.data) for rt_thread_defunct
    ipc.o(.text) refers to thread.o(.text) for rt_thread_suspend
    ipc.o(.text) refers to context_rvds.o(.text) for rt_hw_interrupt_disable
    ipc.o(.text) refers to kservice.o(.text) for rt_assert_handler
    ipc.o(.text) refers to object.o(.text) for rt_object_init
    ipc.o(.text) refers to irq.o(.text) for rt_interrupt_get_nest
    ipc.o(.text) refers to timer.o(.text) for rt_timer_control
    ipc.o(.text) refers to scheduler.o(.text) for rt_schedule
    ipc.o(.text) refers to ipc.o(.constdata) for __FUNCTION__
    ipc.o(.text) refers to ipc.o(.conststring) for .conststring
    ipc.o(.text) refers to object.o(.data) for rt_object_trytake_hook
    ipc.o(.text) refers to mem.o(.text) for rt_malloc
    ipc.o(.text) refers to clock.o(.text) for rt_tick_get
    irq.o(.text) refers to context_rvds.o(.text) for rt_hw_interrupt_disable
    irq.o(.text) refers to irq.o(.data) for rt_interrupt_enter_hook
    kservice.o(.text) refers to irq.o(.text) for rt_interrupt_get_nest
    kservice.o(.text) refers to thread.o(.text) for rt_thread_self
    kservice.o(.text) refers to mem.o(.text) for rt_malloc
    kservice.o(.text) refers to kservice.o(.data) for __rt_errno
    kservice.o(.text) refers to kservice.o(.constdata) for large_digits
    kservice.o(.text) refers to device.o(.text) for rt_device_write
    kservice.o(.text) refers to kservice.o(.bss) for rt_log_buf
    mem.o(.text) refers to kservice.o(.text) for rt_assert_handler
    mem.o(.text) refers to context_rvds.o(.text) for rt_hw_interrupt_disable
    mem.o(.text) refers to irq.o(.text) for rt_interrupt_get_nest
    mem.o(.text) refers to ipc.o(.text) for rt_sem_init
    mem.o(.text) refers to mem.o(.data) for rt_malloc_hook
    mem.o(.text) refers to mem.o(.constdata) for __FUNCTION__
    mem.o(.text) refers to mem.o(.bss) for heap_sem
    mem.o(.text) refers to mem.o(.conststring) for .conststring
    mem.o(FSymTab) refers to mem.o(.rodata.name) for __fsym_list_mem_name
    mem.o(FSymTab) refers to mem.o(.text) for list_mem
    mempool.o(.text) refers to kservice.o(.text) for rt_assert_handler
    mempool.o(.text) refers to object.o(.text) for rt_object_init
    mempool.o(.text) refers to context_rvds.o(.text) for rt_hw_interrupt_disable
    mempool.o(.text) refers to thread.o(.text) for rt_thread_resume
    mempool.o(.text) refers to irq.o(.text) for rt_interrupt_get_nest
    mempool.o(.text) refers to mem.o(.text) for rt_malloc
    mempool.o(.text) refers to clock.o(.text) for rt_tick_get
    mempool.o(.text) refers to timer.o(.text) for rt_timer_control
    mempool.o(.text) refers to scheduler.o(.text) for rt_schedule
    mempool.o(.text) refers to mempool.o(.data) for rt_mp_alloc_hook
    mempool.o(.text) refers to mempool.o(.constdata) for __FUNCTION__
    object.o(.text) refers to kservice.o(.text) for rt_assert_handler
    object.o(.text) refers to context_rvds.o(.text) for rt_hw_interrupt_disable
[...]
    FPU_IRQHandler                           0x08013847   Thumb Code     0  startup_stm32f4xx.o(.text)
    FSMC_IRQHandler                          0x08013847   Thumb Code     0  startup_stm32f4xx.o(.text)
    HASH_RNG_IRQHandler                      0x08013847   Thumb Code     0  startup_stm32f4xx.o(.text)
    I2C1_ER_IRQHandler                       0x08013847   Thumb Code     0  startup_stm32f4xx.o(.text)
    I2C1_EV_IRQHandler                       0x08013847   Thumb Code     0  startup_stm32f4xx.o(.text)
    I2C2_ER_IRQHandler                       0x08013847   Thumb Code     0  startup_stm32f4xx.o(.text)
    I2C2_EV_IRQHandler                       0x08013847   Thumb Code     0  startup_stm32f4xx.o(.text)
    I2C3_ER_IRQHandler                       0x08013847   Thumb Code     0  startup_stm32f4xx.o(.text)
    I2C3_EV_IRQHandler                       0x08013847   Thumb Code     0  startup_stm32f4xx.o(.text)
    OTG_FS_IRQHandler                        0x08013847   Thumb Code     0  startup_stm32f4xx.o(.text)
    OTG_FS_WKUP_IRQHandler                   0x08013847   Thumb Code     0  startup_stm32f4xx.o(.text)
    OTG_HS_EP1_IN_IRQHandler                 0x08013847   Thumb Code     0  startup_stm32f4xx.o(.text)
    OTG_HS_EP1_OUT_IRQHandler                0x08013847   Thumb Code     0  startup_stm32f4xx.o(.text)
    OTG_HS_IRQHandler                        0x08013847   Thumb Code     0  startup_stm32f4xx.o(.text)
    OTG_HS_WKUP_IRQHandler                   0x08013847   Thumb Code     0  startup_stm32f4xx.o(.text)
    PVD_IRQHandler                           0x08013847   Thumb Code     0  startup_stm32f4xx.o(.text)
    RCC_IRQHandler                           0x08013847   Thumb Code     0  startup_stm32f4xx.o(.text)
    RTC_Alarm_IRQHandler                     0x08013847   Thumb Code     0  startup_stm32f4xx.o(.text)
    RTC_WKUP_IRQHandler                      0x08013847   Thumb Code     0  startup_stm32f4xx.o(.text)
    SDIO_IRQHandler                          0x08013847   Thumb Code     0  startup_stm32f4xx.o(.text)
    SPI1_IRQHandler                          0x08013847   Thumb Code     0  startup_stm32f4xx.o(.text)
    SPI2_IRQHandler                          0x08013847   Thumb Code     0  startup_stm32f4xx.o(.text)
    SPI3_IRQHandler                          0x08013847   Thumb Code     0  startup_stm32f4xx.o(.text)
    TAMP_STAMP_IRQHandler                    0x08013847   Thumb Code     0  startup_stm32f4xx.o(.text)
    TIM1_BRK_TIM9_IRQHandler                 0x08013847   Thumb Code     0  startup_stm32f4xx.o(.text)
    TIM1_CC_IRQHandler                       0x08013847   Thumb Code     0  startup_stm32f4xx.o(.text)
    TIM1_TRG_COM_TIM11_IRQHandler            0x08013847   Thumb Code     0  startup_stm32f4xx.o(.text)
    TIM1_UP_TIM10_IRQHandler                 0x08013847   Thumb Code     0  startup_stm32f4xx.o(.text)
    TIM3_IRQHandler                          0x08013847   Thumb Code     0  startup_stm32f4xx.o(.text)
    TIM4_IRQHandler                          0x08013847   Thumb Code     0  startup_stm32f4xx.o(.text)
    TIM5_IRQHandler                          0x08013847   Thumb Code     0  startup_stm32f4xx.o(.text)
    TIM6_DAC_IRQHandler                      0x08013847   Thumb Code     0  startup_stm32f4xx.o(.text)
    TIM7_IRQHandler                          0x08013847   Thumb Code     0  startup_stm32f4xx.o(.text)
    TIM8_BRK_TIM12_IRQHandler                0x08013847   Thumb Code     0  startup_stm32f4xx.o(.text)
    TIM8_CC_IRQHandler                       0x08013847   Thumb Code     0  startup_stm32f4xx.o(.text)
    TIM8_TRG_COM_TIM14_IRQHandler            0x08013847   Thumb Code     0  startup_stm32f4xx.o(.text)
    TIM8_UP_TIM13_IRQHandler                 0x08013847   Thumb Code     0  startup_stm32f4xx.o(.text)
    UART4_IRQHandler                         0x08013847   Thumb Code     0  startup_stm32f4xx.o(.text)
    UART5_IRQHandler                         0x08013847   Thumb Code     0  startup_stm32f4xx.o(.text)
    USART2_IRQHandler                        0x08013847   Thumb Code     0  startup_stm32f4xx.o(.text)
    USART6_IRQHandler                        0x08013847   Thumb Code     0  startup_stm32f4xx.o(.text)
    WWDG_IRQHandler                          0x08013847   Thumb Code     0  startup_stm32f4xx.o(.text)
    __user_initial_stackheap                 0x08013849   Thumb Code     0  startup_stm32f4xx.o(.text)
    pid_create                               0x0801386d   Thumb Code    12  pid.o(.text)
    pid_delete                               0x08013879   Thumb Code    12  pid.o(.text)
    pid_reset                                0x08013885   Thumb Code    16  pid.o(.text)
    pid_config                               0x08013895   Thumb Code    54  pid.o(.text)
    pid_set_integral_separation              0x080138cb   Thumb Code    20  pid.o(.text)
    pid_set_integral_limit                   0x080138df   Thumb Code    20  pid.o(.text)
    pid_set_output_limit                     0x080138f3   Thumb Code    20  pid.o(.text)
    pid_position_ctrl                        0x08013907   Thumb Code   368  pid.o(.text)
    pid_incremental_ctrl                     0x08013a77   Thumb Code   194  pid.o(.text)
    rt_hw_stack_init                         0x08013b3d   Thumb Code    74  cpuport.o(.text)
    rt_hw_exception_install                  0x08013b87   Thumb Code     6  cpuport.o(.text)
    rt_hw_hard_fault_exception               0x08013d6b   Thumb Code   220  cpuport.o(.text)
    rt_hw_cpu_shutdown                       0x08013e47   Thumb Code    22  cpuport.o(.text)
    rt_hw_interrupt_disable                  0x08014149   Thumb Code     8  context_rvds.o(.text)
    rt_hw_interrupt_enable                   0x08014151   Thumb Code     6  context_rvds.o(.text)
    rt_hw_context_switch                     0x08014157   Thumb Code    32  context_rvds.o(.text)
    rt_hw_context_switch_interrupt           0x08014157   Thumb Code     0  context_rvds.o(.text)
    PendSV_Handler                           0x08014177   Thumb Code   108  context_rvds.o(.text)
    rt_hw_context_switch_to                  0x080141e3   Thumb Code    70  context_rvds.o(.text)
    rt_hw_interrupt_thread_switch            0x08014229   Thumb Code     2  context_rvds.o(.text)
    HardFault_Handler                        0x0801422b   Thumb Code    56  context_rvds.o(.text)
    rt_device_hwtimer_isr                    0x08014647   Thumb Code   110  hwtimer.o(.text)
    rt_device_hwtimer_register               0x080146b5   Thumb Code    90  hwtimer.o(.text)
    rt_i2c_bus_device_register               0x08014749   Thumb Code    42  i2c_core.o(.text)
    rt_i2c_bus_device_find                   0x08014773   Thumb Code    30  i2c_core.o(.text)
    rt_i2c_transfer                          0x08014791   Thumb Code    60  i2c_core.o(.text)
    rt_i2c_master_send                       0x080147cd   Thumb Code    66  i2c_core.o(.text)
    rt_i2c_master_recv                       0x0801480f   Thumb Code    90  i2c_core.o(.text)
    rt_i2c_core_init                         0x08014869   Thumb Code     4  i2c_core.o(.text)
    rt_i2c_bus_device_device_init            0x08014993   Thumb Code    44  i2c_dev.o(.text)
    rt_i2c_bit_add_bus                       0x08014e23   Thumb Code    20  i2c-bit-ops.o(.text)
    rt_device_pin_register                   0x08014f09   Thumb Code    42  pin.o(.text)
    rt_pin_attach_irq                        0x08014f33   Thumb Code    60  pin.o(.text)
    rt_pin_detach_irq                        0x08014f6f   Thumb Code    46  pin.o(.text)
    rt_pin_irq_enable                        0x08014f9d   Thumb Code    50  pin.o(.text)
    rt_pin_mode                              0x08014fcf   Thumb Code    38  pin.o(.text)
    rt_pin_write                             0x08014ff5   Thumb Code    38  pin.o(.text)
    rt_pin_read                              0x0801501b   Thumb Code    34  pin.o(.text)
    rt_device_pwm_register                   0x08015163   Thumb Code    54  rt_drv_pwm.o(.text)
    rt_pwm_enable                            0x08015199   Thumb Code    42  rt_drv_pwm.o(.text)
    rt_pwm_disable                           0x080151c3   Thumb Code    42  rt_drv_pwm.o(.text)
    rt_pwm_set                               0x080151ed   Thumb Code    56  rt_drv_pwm.o(.text)
    rt_hw_serial_register                    0x08015bf9   Thumb Code   132  serial.o(.text)
    rt_hw_serial_isr                         0x08015c7d   Thumb Code   394  serial.o(.text)
    rt_completion_init                       0x08015fa5   Thumb Code    42  completion.o(.text)
    rt_completion_wait                       0x08015fcf   Thumb Code   198  completion.o(.text)
    rt_completion_done                       0x08016095   Thumb Code    76  completion.o(.text)
    rt_data_queue_init                       0x0801617f   Thumb Code    76  dataqueue.o(.text)
    rt_data_queue_push                       0x080161cb   Thumb Code   282  dataqueue.o(.text)
    rt_data_queue_pop                        0x080162e5   Thumb Code   342  dataqueue.o(.text)
    rt_data_queue_peak                       0x0801643b   Thumb Code   102  dataqueue.o(.text)
    rt_data_queue_reset                      0x080164a1   Thumb Code   106  dataqueue.o(.text)
    finsh_set_prompt                         0x08016595   Thumb Code    64  shell.o(.text)
    finsh_get_prompt                         0x080165d5   Thumb Code    84  shell.o(.text)
    finsh_get_prompt_mode                    0x08016629   Thumb Code    32  shell.o(.text)
    finsh_set_prompt_mode                    0x08016649   Thumb Code    42  shell.o(.text)
    finsh_set_device                         0x080166d5   Thumb Code   156  shell.o(.text)
    finsh_get_device                         0x08016771   Thumb Code    28  shell.o(.text)
    finsh_set_echo                           0x0801678d   Thumb Code    42  shell.o(.text)
    finsh_get_echo                           0x080167b7   Thumb Code    32  shell.o(.text)
    finsh_thread_entry                       0x080168f9   Thumb Code  1446  shell.o(.text)
    finsh_system_function_init               0x08016e9f   Thumb Code    10  shell.o(.text)
    finsh_system_var_init                    0x08016ea9   Thumb Code    10  shell.o(.text)
    finsh_system_init                        0x08016eb3   Thumb Code   102  shell.o(.text)
    hello                                    0x08016f71   Thumb Code    12  cmd.o(.text)
    version                                  0x08016f7d   Thumb Code    10  cmd.o(.text)
    list_thread                              0x08017039   Thumb Code   294  cmd.o(.text)
    list_sem                                 0x08017187   Thumb Code   216  cmd.o(.text)
    list_event                               0x0801725f   Thumb Code   204  cmd.o(.text)
    list_mutex                               0x0801732b   Thumb Code   610  cmd.o(.text)
    list_mailbox                             0x0801758d   Thumb Code   226  cmd.o(.text)
    list_msgqueue                            0x0801766f   Thumb Code   216  cmd.o(.text)
    list_mempool                             0x08017747   Thumb Code   210  cmd.o(.text)
    list_timer                               0x08017819   Thumb Code   808  cmd.o(.text)
    list_device                              0x08017b41   Thumb Code   172  cmd.o(.text)
    list                                     0x08017bed   Thumb Code    54  cmd.o(.text)
    msh_is_used                              0x08017ce9   Thumb Code     4  msh.o(.text)
    msh_help                                 0x08017ced   Thumb Code    66  msh.o(.text)
    msh_exec                                 0x08017ecd   Thumb Code    82  msh.o(.text)
    msh_auto_complete                        0x08017f3f   Thumb Code   138  msh.o(.text)
    cmd_ps                                   0x08018051   Thumb Code    14  msh_cmd.o(.text)
    cmd_time                                 0x0801805f   Thumb Code     6  msh_cmd.o(.text)
    cmd_free                                 0x08018065   Thumb Code    14  msh_cmd.o(.text)
    __aeabi_ldivmod                          0x08018073   Thumb Code     0  llsdiv.o(.text)
    _ll_sdiv                                 0x08018073   Thumb Code    72  llsdiv.o(.text)
    __2sprintf                               0x080180bd   Thumb Code    34  noretval__2sprintf.o(.text)
    __printf                                 0x080180e5   Thumb Code   270  __printf_wp.o(.text)
    atoi                                     0x080181f3   Thumb Code    26  atoi.o(.text)
    memcmp                                   0x0801820d   Thumb Code    88  memcmp.o(.text)
    strcpy                                   0x08018265   Thumb Code    72  strcpy.o(.text)
    strlen                                   0x080182ad   Thumb Code    62  strlen.o(.text)
    strncmp                                  0x080182eb   Thumb Code   150  strncmp.o(.text)
    strcat                                   0x08018381   Thumb Code    24  strcat.o(.text)
    __aeabi_memcpy                           0x08018399   Thumb Code     0  rt_memcpy_v6.o(.text)
    __rt_memcpy                              0x08018399   Thumb Code   138  rt_memcpy_v6.o(.text)
    _memcpy_lastbytes                        0x080183ff   Thumb Code     0  rt_memcpy_v6.o(.text)
    __aeabi_memcpy4                          0x08018423   Thumb Code     0  rt_memcpy_w.o(.text)
    __aeabi_memcpy8                          0x08018423   Thumb Code     0  rt_memcpy_w.o(.text)
    __rt_memcpy_w                            0x08018423   Thumb Code   100  rt_memcpy_w.o(.text)
    _memcpy_lastbytes_aligned                0x0801846b   Thumb Code     0  rt_memcpy_w.o(.text)
    __aeabi_memset                           0x08018487   Thumb Code    16  aeabi_memset.o(.text)
    __aeabi_memclr                           0x08018497   Thumb Code     0  rt_memclr.o(.text)
    __rt_memclr                              0x08018497   Thumb Code    68  rt_memclr.o(.text)
    _memset                                  0x0801849b   Thumb Code     0  rt_memclr.o(.text)
    __aeabi_memclr4                          0x080184db   Thumb Code     0  rt_memclr_w.o(.text)
    __aeabi_memclr8                          0x080184db   Thumb Code     0  rt_memclr_w.o(.text)
    __rt_memclr_w                            0x080184db   Thumb Code    78  rt_memclr_w.o(.text)
    _memset_w                                0x080184df   Thumb Code     0  rt_memclr_w.o(.text)
    strncpy                                  0x08018529   Thumb Code    86  strncpy.o(.text)
    __use_two_region_memory                  0x0801857f   Thumb Code     2  heapauxi.o(.text)
    __rt_heap_escrow$2region                 0x08018581   Thumb Code     2  heapauxi.o(.text)
    __rt_heap_expand$2region                 0x08018583   Thumb Code     2  heapauxi.o(.text)
    __aeabi_errno_addr                       0x08018585   Thumb Code     8  rt_errno_addr_intlibspace.o(.text)
    __errno$intlibspace                      0x08018585   Thumb Code     0  rt_errno_addr_intlibspace.o(.text)
    __rt_errno_addr$intlibspace              0x08018585   Thumb Code     0  rt_errno_addr_intlibspace.o(.text)
    __aeabi_uldivmod                         0x0801858d   Thumb Code     0  lludivv7m.o(.text)
    _ll_udiv                                 0x0801858d   Thumb Code   238  lludivv7m.o(.text)
    __read_errno                             0x0801867b   Thumb Code    10  _rserrno.o(.text)
    __set_errno                              0x08018685   Thumb Code    12  _rserrno.o(.text)
    __lib_sel_fp_printf                      0x08018691   Thumb Code     2  _printf_fp_dec.o(.text)
    _printf_fp_dec_real                      0x0801883f   Thumb Code   620  _printf_fp_dec.o(.text)
    _printf_char_common                      0x08018ab7   Thumb Code    32  _printf_char_common.o(.text)
    _sputc                                   0x08018add   Thumb Code    10  _sputc.o(.text)
    __strtod_int                             0x08018b25   Thumb Code    90  strtod.o(.text)
    strtol                                   0x08018b8d   Thumb Code   112  strtol.o(.text)
    __user_libspace                          0x08018bfd   Thumb Code     8  libspace.o(.text)
    __user_perproc_libspace                  0x08018bfd   Thumb Code     0  libspace.o(.text)
    __user_perthread_libspace                0x08018bfd   Thumb Code     0  libspace.o(.text)
    __rt_ctype_table                         0x08018c05   Thumb Code    16  rt_ctype_table.o(.text)
    __rt_locale                              0x08018c15   Thumb Code     8  rt_locale_intlibspace.o(.text)
    _ll_udiv10                               0x08018c1d   Thumb Code   138  lludiv10.o(.text)
    isspace                                  0x08018ca7   Thumb Code    18  isspace.o(.text)
    _printf_fp_infnan                        0x08018cb9   Thumb Code   112  _printf_fp_infnan.o(.text)
    _sgetc                                   0x08018d39   Thumb Code    30  _sgetc.o(.text)
    _sbackspace                              0x08018d57   Thumb Code    34  _sgetc.o(.text)
    _strtoul                                 0x08018d79   Thumb Code   158  _strtoul.o(.text)
    _btod_etento                             0x08018e19   Thumb Code   216  bigflt0.o(.text)
    __user_setup_stackheap                   0x08018ef5   Thumb Code    74  sys_stackheap_outer.o(.text)
    _chval                                   0x08018f3f   Thumb Code    28  _chval.o(.text)
    _scanf_really_real                       0x08019159   Thumb Code   668  scanf_fp.o(.text)
    exit                                     0x08019401   Thumb Code    18  exit.o(.text)
    strcmp                                   0x08019415   Thumb Code   128  strcmpv7m.o(.text)
    _scanf_really_hex_real                   0x08019495   Thumb Code   786  scanf_hexfp.o(.text)
    _scanf_really_infnan                     0x080197b5   Thumb Code   292  scanf_infnan.o(.text)
    _sys_exit                                0x080198e9   Thumb Code     8  sys_exit.o(.text)
    __aeabi_llsl                             0x080198f5   Thumb Code     0  llshl.o(.text)
    _ll_shift_l                              0x080198f5   Thumb Code    38  llshl.o(.text)
    __I$use$semihosting                      0x0801991b   Thumb Code     0  use_no_semi.o(.text)
    __use_no_semihosting_swi                 0x0801991b   Thumb Code     2  use_no_semi.o(.text)
    __semihosting_library_function           0x0801991d   Thumb Code     0  indicate_semi.o(.text)
    _btod_d2e                                0x0801991d   Thumb Code    62  btod.o(CL$$btod_d2e)
    _d2e_denorm_low                          0x0801995b   Thumb Code    70  btod.o(CL$$btod_d2e_denorm_low)
    _d2e_norm_op1                            0x080199a1   Thumb Code    96  btod.o(CL$$btod_d2e_norm_op1)
    __btod_div_common                        0x08019a01   Thumb Code   696  btod.o(CL$$btod_div_common)
    _e2d                                     0x08019d39   Thumb Code    80  btod.o(CL$$btod_e2d)
    _e2e                                     0x08019d8d   Thumb Code   198  btod.o(CL$$btod_e2e)
    _btod_ediv                               0x08019e53   Thumb Code    40  btod.o(CL$$btod_ediv)
    _btod_edivd                              0x08019e7b   Thumb Code    40  btod.o(CL$$btod_edivd)
    _btod_emul                               0x08019ea3   Thumb Code    40  btod.o(CL$$btod_emul)
    _btod_emuld                              0x08019ecb   Thumb Code    40  btod.o(CL$$btod_emuld)
    __btod_mult_common                       0x08019ef3   Thumb Code   580  btod.o(CL$$btod_mult_common)
    __ARM_fpclassify                         0x0801a137   Thumb Code    48  fpclassify.o(i.__ARM_fpclassify)
    __ARM_fpclassifyf                        0x0801a167   Thumb Code    38  fpclassifyf.o(i.__ARM_fpclassifyf)
    __hardfp_asinf                           0x0801a18d   Thumb Code   258  asinf.o(i.__hardfp_asinf)
    __hardfp_atan                            0x0801a2b9   Thumb Code   622  atan.o(i.__hardfp_atan)
    __hardfp_atan2f                          0x0801a591   Thumb Code   502  atan2f.o(i.__hardfp_atan2f)
    __hardfp_atof                            0x0801a7e1   Thumb Code    44  atof.o(i.__hardfp_atof)
    __hardfp_cos                             0x0801a819   Thumb Code   180  cos.o(i.__hardfp_cos)
    __hardfp_fabs                            0x0801a8e1   Thumb Code    20  fabs.o(i.__hardfp_fabs)
    __hardfp_ldexp                           0x0801a8f9   Thumb Code   200  ldexp.o(i.__hardfp_ldexp)
    __hardfp_sin                             0x0801a9c9   Thumb Code   180  sin.o(i.__hardfp_sin)
    __ieee754_rem_pio2                       0x0801aa91   Thumb Code   938  rred.o(i.__ieee754_rem_pio2)
    __kernel_cos                             0x0801aec9   Thumb Code   322  cos_i.o(i.__kernel_cos)
    __kernel_poly                            0x0801b039   Thumb Code   248  poly.o(i.__kernel_poly)
    __kernel_sin                             0x0801b131   Thumb Code   280  sin_i.o(i.__kernel_sin)
    __mathlib_dbl_infnan                     0x0801b261   Thumb Code    20  dunder.o(i.__mathlib_dbl_infnan)
    __mathlib_dbl_invalid                    0x0801b279   Thumb Code    24  dunder.o(i.__mathlib_dbl_invalid)
    __mathlib_dbl_overflow                   0x0801b299   Thumb Code    24  dunder.o(i.__mathlib_dbl_overflow)
    __mathlib_dbl_underflow                  0x0801b2b9   Thumb Code    24  dunder.o(i.__mathlib_dbl_underflow)
    __mathlib_flt_infnan                     0x0801b2d9   Thumb Code     6  funder.o(i.__mathlib_flt_infnan)
    __mathlib_flt_infnan2                    0x0801b2df   Thumb Code     6  funder.o(i.__mathlib_flt_infnan2)
    __mathlib_flt_invalid                    0x0801b2e5   Thumb Code    10  funder.o(i.__mathlib_flt_invalid)
    __mathlib_flt_underflow                  0x0801b2f5   Thumb Code    10  funder.o(i.__mathlib_flt_underflow)
    __mathlib_narrow                         0x0801b309   Thumb Code   166  narrow.o(i.__mathlib_narrow)
    __support_ldexp                          0x0801b3c1   Thumb Code    20  ldexp.o(i.__support_ldexp)
    _is_digit                                0x0801b3d5   Thumb Code    14  __printf_wp.o(i._is_digit)
    fabs                                     0x0801b3e3   Thumb Code    24  fabs.o(i.fabs)
    frexp                                    0x0801b401   Thumb Code   118  frexp.o(i.frexp)
    sqrtf                                    0x0801b48d   Thumb Code    62  sqrtf.o(i.sqrtf)
    _get_lc_numeric                          0x0801b4cd   Thumb Code    44  lc_numeric_c.o(locale$$code)
    _get_lc_ctype                            0x0801b4f9   Thumb Code    44  lc_ctype_c.o(locale$$code)
    __aeabi_dneg                             0x0801b525   Thumb Code     0  basic.o(x$fpl$basic)
    _dneg                                    0x0801b525   Thumb Code     6  basic.o(x$fpl$basic)
    __aeabi_fneg                             0x0801b52b   Thumb Code     0  basic.o(x$fpl$basic)
    _fneg                                    0x0801b52b   Thumb Code     6  basic.o(x$fpl$basic)
    _dabs                                    0x0801b531   Thumb Code     6  basic.o(x$fpl$basic)
    _fabs                                    0x0801b537   Thumb Code     6  basic.o(x$fpl$basic)
    __aeabi_d2f                              0x0801b53d   Thumb Code     0  d2f.o(x$fpl$d2f)
    _d2f                                     0x0801b53d   Thumb Code    98  d2f.o(x$fpl$d2f)
    __aeabi_dadd                             0x0801b5a1   Thumb Code     0  daddsub_clz.o(x$fpl$dadd)
    _dadd                                    0x0801b5a1   Thumb Code   332  daddsub_clz.o(x$fpl$dadd)
    __fpl_dcheck_NaN1                        0x0801b6f1   Thumb Code    10  dcheck1.o(x$fpl$dcheck1)
    __fpl_dcmp_Inf                           0x0801b701   Thumb Code    24  dcmpi.o(x$fpl$dcmpinf)
    __aeabi_ddiv                             0x0801b719   Thumb Code     0  ddiv.o(x$fpl$ddiv)
    _ddiv                                    0x0801b719   Thumb Code   552  ddiv.o(x$fpl$ddiv)
    __aeabi_cdcmpeq                          0x0801b9c9   Thumb Code     0  deqf.o(x$fpl$deqf)
    _dcmpeq                                  0x0801b9c9   Thumb Code   120  deqf.o(x$fpl$deqf)
    __aeabi_d2iz                             0x0801ba41   Thumb Code     0  dfix.o(x$fpl$dfix)
    _dfix                                    0x0801ba41   Thumb Code    94  dfix.o(x$fpl$dfix)
    __aeabi_i2d                              0x0801ba9f   Thumb Code     0  dflt_clz.o(x$fpl$dflt)
    _dflt                                    0x0801ba9f   Thumb Code    46  dflt_clz.o(x$fpl$dflt)
    __aeabi_ui2d                             0x0801bacd   Thumb Code     0  dflt_clz.o(x$fpl$dfltu)
    _dfltu                                   0x0801bacd   Thumb Code    38  dflt_clz.o(x$fpl$dfltu)
    __aeabi_cdcmple                          0x0801baf5   Thumb Code     0  dleqf.o(x$fpl$dleqf)
    _dcmple                                  0x0801baf5   Thumb Code   120  dleqf.o(x$fpl$dleqf)
    __fpl_dcmple_InfNaN                      0x0801bb57   Thumb Code     0  dleqf.o(x$fpl$dleqf)
    __aeabi_dmul                             0x0801bb6d   Thumb Code     0  dmul.o(x$fpl$dmul)
    _dmul                                    0x0801bb6d   Thumb Code   332  dmul.o(x$fpl$dmul)
    __fpl_dnaninf                            0x0801bcc1   Thumb Code   156  dnaninf.o(x$fpl$dnaninf)
    __fpl_dretinf                            0x0801bd5d   Thumb Code    12  dretinf.o(x$fpl$dretinf)
    __aeabi_cdrcmple                         0x0801bd69   Thumb Code     0  drleqf.o(x$fpl$drleqf)
    _drcmple                                 0x0801bd69   Thumb Code   108  drleqf.o(x$fpl$drleqf)
    __aeabi_drsub                            0x0801bdd5   Thumb Code     0  daddsub_clz.o(x$fpl$drsb)
    _drsb                                    0x0801bdd5   Thumb Code    22  daddsub_clz.o(x$fpl$drsb)
    __aeabi_dsub                             0x0801bded   Thumb Code     0  daddsub_clz.o(x$fpl$dsub)
    _dsub                                    0x0801bded   Thumb Code   464  daddsub_clz.o(x$fpl$dsub)
    __aeabi_f2d                              0x0801bfc1   Thumb Code     0  f2d.o(x$fpl$f2d)
    _f2d                                     0x0801bfc1   Thumb Code    86  f2d.o(x$fpl$f2d)
    __fpl_fnaninf                            0x0801c017   Thumb Code   140  fnaninf.o(x$fpl$fnaninf)
    _fp_init                                 0x0801c0a3   Thumb Code    10  fpinit.o(x$fpl$fpinit)
    __fplib_config_fpu_vfp                   0x0801c0ab   Thumb Code     0  fpinit.o(x$fpl$fpinit)
    __fplib_config_pureend_doubles           0x0801c0ab   Thumb Code     0  fpinit.o(x$fpl$fpinit)
    __fpl_fretinf                            0x0801c0ad   Thumb Code    10  fretinf.o(x$fpl$fretinf)
    _printf_fp_dec                           0x0801c0b7   Thumb Code     4  printf1.o(x$fpl$printf1)
    __fpl_return_NaN                         0x0801c0bb   Thumb Code   100  retnan.o(x$fpl$retnan)
    __ARM_scalbn                             0x0801c11f   Thumb Code    92  scalbn.o(x$fpl$scalbn)
    _scanf_real                              0x0801c17b   Thumb Code     4  scanf1.o(x$fpl$scanf1)
    _scanf_hex_real                          0x0801c17f   Thumb Code     4  scanf2.o(x$fpl$scanf2)
    _scanf_infnan                            0x0801c183   Thumb Code     4  scanf2.o(x$fpl$scanf2)
    __fpl_cmpreturn                          0x0801c187   Thumb Code    48  trapv.o(x$fpl$trapveneer)
    __I$use$fp                               0x0801c1b6   Number         0  usenofp.o(x$fpl$usenofp)
    __lowest_bit_bitmap                      0x0801c48c   Data         256  kservice.o(.constdata)
    Font24_Table                             0x0801cc38   Data        6840  bsp_lcd.o(.constdata)
    Font20_Table                             0x0801e6f0   Data        3800  bsp_lcd.o(.constdata)
    Font16_Table                             0x0801f5c8   Data        3040  bsp_lcd.o(.constdata)
    Font12_Table                             0x080201a8   Data        1140  bsp_lcd.o(.constdata)
    Font8_Table                              0x0802061c   Data         760  bsp_lcd.o(.constdata)
    reg                                      0x08020924   Data          30  inv_mpu.o(.constdata)
    hw                                       0x08020942   Data          12  inv_mpu.o(.constdata)
    test                                     0x08020950   Data          40  inv_mpu.o(.constdata)
    __fsym_list_mem_name                     0x0802205d   Data           9  mem.o(.rodata.name)
    __fsym_list_mem_desc                     0x08022066   Data          30  mem.o(.rodata.name)
    __fsym___cmd_swradius_name               0x08022084   Data          15  wind_swing.o(.rodata.name)
    __fsym___cmd_swradius_desc               0x08022093   Data          17  wind_swing.o(.rodata.name)
    __fsym___cmd_swangle_name                0x080220a4   Data          14  wind_swing.o(.rodata.name)
    __fsym___cmd_swangle_desc                0x080220b2   Data          16  wind_swing.o(.rodata.name)
    __fsym___cmd_swpid_name                  0x080220c2   Data          12  wind_swing.o(.rodata.name)
    __fsym___cmd_swpid_desc                  0x080220ce   Data          32  wind_swing.o(.rodata.name)
    __fsym___cmd_swinit_name                 0x080220ee   Data          13  wind_swing.o(.rodata.name)
    __fsym___cmd_swinit_desc                 0x080220fb   Data          32  wind_swing.o(.rodata.name)
    __fsym___cmd_swdeinit_name               0x0802211b   Data          15  wind_swing.o(.rodata.name)
    __fsym___cmd_swdeinit_desc               0x0802212a   Data          24  wind_swing.o(.rodata.name)
    __fsym___cmd_reset_name                  0x08022142   Data          12  board.o(.rodata.name)
    __fsym___cmd_reset_desc                  0x0802214e   Data          15  board.o(.rodata.name)
    __fsym___cmd_pwm_name                    0x0802215d   Data          10  drv_pwm.o(.rodata.name)
    __fsym___cmd_pwm_desc                    0x08022167   Data          22  drv_pwm.o(.rodata.name)
    __fsym___cmd_cpwm_name                   0x0802217d   Data          11  drv_pwm.o(.rodata.name)
    __fsym___cmd_cpwm_desc                   0x08022188   Data          25  drv_pwm.o(.rodata.name)
    __fsym___cmd_euler_name                  0x080221a1   Data          12  dmp.o(.rodata.name)
    __fsym___cmd_euler_desc                  0x080221ad   Data          29  dmp.o(.rodata.name)
    __fsym_pinMode_name                      0x080221ca   Data           8  pin.o(.rodata.name)
    __fsym_pinMode_desc                      0x080221d2   Data          22  pin.o(.rodata.name)
    __fsym_pinWrite_name                     0x080221e8   Data           9  pin.o(.rodata.name)
    __fsym_pinWrite_desc                     0x080221f1   Data          28  pin.o(.rodata.name)
    __fsym_pinRead_name                      0x0802220d   Data           8  pin.o(.rodata.name)
    __fsym_pinRead_desc                      0x08022215   Data          30  pin.o(.rodata.name)
    __fsym_pwm_enable_name                   0x08022233   Data          11  rt_drv_pwm.o(.rodata.name)
    __fsym_pwm_enable_desc                   0x0802223e   Data          23  rt_drv_pwm.o(.rodata.name)
    __fsym_pwm_set_name                      0x08022255   Data           8  rt_drv_pwm.o(.rodata.name)
    __fsym_pwm_set_desc                      0x0802225d   Data           9  rt_drv_pwm.o(.rodata.name)
    __fsym___cmd_pwm_enable_name             0x08022266   Data          17  rt_drv_pwm.o(.rodata.name)
    __fsym___cmd_pwm_enable_desc             0x08022277   Data          18  rt_drv_pwm.o(.rodata.name)
    __fsym___cmd_pwm_disable_name            0x08022289   Data          18  rt_drv_pwm.o(.rodata.name)
    __fsym___cmd_pwm_disable_desc            0x0802229b   Data          19  rt_drv_pwm.o(.rodata.name)
    __fsym___cmd_pwm_set_name                0x080222ae   Data          14  rt_drv_pwm.o(.rodata.name)
    __fsym___cmd_pwm_set_desc                0x080222bc   Data          17  rt_drv_pwm.o(.rodata.name)
    __fsym_hello_name                        0x080222cd   Data           6  cmd.o(.rodata.name)
    __fsym_hello_desc                        0x080222d3   Data          16  cmd.o(.rodata.name)
    __fsym_version_name                      0x080222e3   Data           8  cmd.o(.rodata.name)
    __fsym_version_desc                      0x080222eb   Data          35  cmd.o(.rodata.name)
    __fsym___cmd_version_name                0x0802230e   Data          14  cmd.o(.rodata.name)
    __fsym___cmd_version_desc                0x0802231c   Data          35  cmd.o(.rodata.name)
    __fsym_list_thread_name                  0x0802233f   Data          12  cmd.o(.rodata.name)
    __fsym_list_thread_desc                  0x0802234b   Data          12  cmd.o(.rodata.name)
    __fsym___cmd_list_thread_name            0x08022357   Data          18  cmd.o(.rodata.name)
    __fsym___cmd_list_thread_desc            0x08022369   Data          12  cmd.o(.rodata.name)
    __fsym_list_sem_name                     0x08022375   Data           9  cmd.o(.rodata.name)
    __fsym_list_sem_desc                     0x0802237e   Data          25  cmd.o(.rodata.name)
    __fsym___cmd_list_sem_name               0x08022397   Data          15  cmd.o(.rodata.name)
    __fsym___cmd_list_sem_desc               0x080223a6   Data          25  cmd.o(.rodata.name)
    __fsym_list_event_name                   0x080223bf   Data          11  cmd.o(.rodata.name)
    __fsym_list_event_desc                   0x080223ca   Data          21  cmd.o(.rodata.name)
    __fsym___cmd_list_event_name             0x080223df   Data          17  cmd.o(.rodata.name)
    __fsym___cmd_list_event_desc             0x080223f0   Data          21  cmd.o(.rodata.name)
    __fsym_list_mutex_name                   0x08022405   Data          11  cmd.o(.rodata.name)
    __fsym_list_mutex_desc                   0x08022410   Data          21  cmd.o(.rodata.name)
    __fsym___cmd_list_mutex_name             0x08022425   Data          17  cmd.o(.rodata.name)
    __fsym___cmd_list_mutex_desc             0x08022436   Data          21  cmd.o(.rodata.name)
    __fsym_list_mailbox_name                 0x0802244b   Data          13  cmd.o(.rodata.name)
    __fsym_list_mailbox_desc                 0x08022458   Data          24  cmd.o(.rodata.name)
    __fsym___cmd_list_mailbox_name           0x08022470   Data          19  cmd.o(.rodata.name)
    __fsym___cmd_list_mailbox_desc           0x08022483   Data          24  cmd.o(.rodata.name)
    __fsym_list_msgqueue_name                0x0802249b   Data          14  cmd.o(.rodata.name)
    __fsym_list_msgqueue_desc                0x080224a9   Data          29  cmd.o(.rodata.name)
    __fsym___cmd_list_msgqueue_name          0x080224c6   Data          20  cmd.o(.rodata.name)
    __fsym___cmd_list_msgqueue_desc          0x080224da   Data          29  cmd.o(.rodata.name)
    __fsym_list_mempool_name                 0x080224f7   Data          13  cmd.o(.rodata.name)
    __fsym_list_mempool_desc                 0x08022504   Data          27  cmd.o(.rodata.name)
    __fsym___cmd_list_mempool_name           0x0802251f   Data          19  cmd.o(.rodata.name)
    __fsym___cmd_list_mempool_desc           0x08022532   Data          27  cmd.o(.rodata.name)
    __fsym_list_timer_name                   0x0802254d   Data          11  cmd.o(.rodata.name)
    __fsym_list_timer_desc                   0x08022558   Data          21  cmd.o(.rodata.name)
    __fsym___cmd_list_timer_name             0x0802256d   Data          17  cmd.o(.rodata.name)
    __fsym___cmd_list_timer_desc             0x0802257e   Data          21  cmd.o(.rodata.name)
    __fsym_list_device_name                  0x08022593   Data          12  cmd.o(.rodata.name)
    __fsym_list_device_desc                  0x0802259f   Data          22  cmd.o(.rodata.name)
    __fsym___cmd_list_device_name            0x080225b5   Data          18  cmd.o(.rodata.name)
    __fsym___cmd_list_device_desc            0x080225c7   Data          22  cmd.o(.rodata.name)
    __fsym_list_name                         0x080225dd   Data           5  cmd.o(.rodata.name)
    __fsym_list_desc                         0x080225e2   Data          26  cmd.o(.rodata.name)
    __fsym___cmd_help_name                   0x080225fc   Data          11  msh.o(.rodata.name)
    __fsym___cmd_help_desc                   0x08022607   Data          22  msh.o(.rodata.name)
    __fsym___cmd_ps_name                     0x0802261d   Data           9  msh_cmd.o(.rodata.name)
    __fsym___cmd_ps_desc                     0x08022626   Data          28  msh_cmd.o(.rodata.name)
    __fsym___cmd_time_name                   0x08022642   Data          11  msh_cmd.o(.rodata.name)
    __fsym___cmd_time_desc                   0x0802264d   Data          27  msh_cmd.o(.rodata.name)
    __fsym___cmd_free_name                   0x08022668   Data          11  msh_cmd.o(.rodata.name)
    __fsym___cmd_free_desc                   0x08022673   Data          37  msh_cmd.o(.rodata.name)
    __rt_init_rti_start                      0x08022698   Data           4  components.o(.rti_fn.0)
    __rt_init_rti_board_start                0x0802269c   Data           4  components.o(.rti_fn.0.end)
    __rt_init_stm32_hw_usart_init            0x080226a0   Data           4  usart.o(.rti_fn.1)
    __rt_init_stm32_hw_pin_init              0x080226a4   Data           4  gpio.o(.rti_fn.1)
    __rt_init_stm32_hwtimer_init             0x080226a8   Data           4  drv_hwtimer.o(.rti_fn.1)
    __rt_init_pwm_init                       0x080226ac   Data           4  drv_pwm.o(.rti_fn.1)
    __rt_init_rti_board_end                  0x080226b0   Data           4  components.o(.rti_fn.1.end)
    __rt_init_anop_init                      0x080226b4   Data           4  anop.o(.rti_fn.4)
    __rt_init_rt_i2c_core_init               0x080226b8   Data           4  i2c_core.o(.rti_fn.4)
    __rt_init_finsh_system_init              0x080226bc   Data           4  shell.o(.rti_fn.6)
    __rt_init_rti_end                        0x080226c0   Data           4  components.o(.rti_fn.6.end)
    FSymTab$$Base                            0x080226c4   Number         0  mem.o(FSymTab)
    __fsym_list_mem                          0x080226c4   Data          12  mem.o(FSymTab)
    __fsym___cmd_swradius                    0x080226d0   Data          12  wind_swing.o(FSymTab)
    __fsym___cmd_swangle                     0x080226dc   Data          12  wind_swing.o(FSymTab)
    __fsym___cmd_swpid                       0x080226e8   Data          12  wind_swing.o(FSymTab)
    __fsym___cmd_swinit                      0x080226f4   Data          12  wind_swing.o(FSymTab)
    __fsym___cmd_swdeinit                    0x08022700   Data          12  wind_swing.o(FSymTab)
    __fsym___cmd_reset                       0x0802270c   Data          12  board.o(FSymTab)
    __fsym___cmd_pwm                         0x08022718   Data          12  drv_pwm.o(FSymTab)
    __fsym___cmd_cpwm                        0x08022724   Data          12  drv_pwm.o(FSymTab)
    __fsym___cmd_euler                       0x08022730   Data          12  dmp.o(FSymTab)
    __fsym_pinMode                           0x0802273c   Data          12  pin.o(FSymTab)
    __fsym_pinWrite                          0x08022748   Data          12  pin.o(FSymTab)
    __fsym_pinRead                           0x08022754   Data          12  pin.o(FSymTab)
    __fsym_pwm_enable                        0x08022760   Data          12  rt_drv_pwm.o(FSymTab)
    __fsym_pwm_set                           0x0802276c   Data          12  rt_drv_pwm.o(FSymTab)
    __fsym___cmd_pwm_enable                  0x08022778   Data          12  rt_drv_pwm.o(FSymTab)
    __fsym___cmd_pwm_disable                 0x08022784   Data          12  rt_drv_pwm.o(FSymTab)
    __fsym___cmd_pwm_set                     0x08022790   Data          12  rt_drv_pwm.o(FSymTab)
    __fsym_hello                             0x0802279c   Data          12  cmd.o(FSymTab)
    __fsym_version                           0x080227a8   Data          12  cmd.o(FSymTab)
    __fsym___cmd_version                     0x080227b4   Data          12  cmd.o(FSymTab)
    __fsym_list_thread                       0x080227c0   Data          12  cmd.o(FSymTab)
    __fsym___cmd_list_thread                 0x080227cc   Data          12  cmd.o(FSymTab)
    __fsym_list_sem                          0x080227d8   Data          12  cmd.o(FSymTab)
    __fsym___cmd_list_sem                    0x080227e4   Data          12  cmd.o(FSymTab)
    __fsym_list_event                        0x080227f0   Data          12  cmd.o(FSymTab)
    __fsym___cmd_list_event                  0x080227fc   Data          12  cmd.o(FSymTab)
    __fsym_list_mutex                        0x08022808   Data          12  cmd.o(FSymTab)
    __fsym___cmd_list_mutex                  0x08022814   Data          12  cmd.o(FSymTab)
    __fsym_list_mailbox                      0x08022820   Data          12  cmd.o(FSymTab)
    __fsym___cmd_list_mailbox                0x0802282c   Data          12  cmd.o(FSymTab)
    __fsym_list_msgqueue                     0x08022838   Data          12  cmd.o(FSymTab)
    __fsym___cmd_list_msgqueue               0x08022844   Data          12  cmd.o(FSymTab)
    __fsym_list_mempool                      0x08022850   Data          12  cmd.o(FSymTab)
    __fsym___cmd_list_mempool                0x0802285c   Data          12  cmd.o(FSymTab)
    __fsym_list_timer                        0x08022868   Data          12  cmd.o(FSymTab)
    __fsym___cmd_list_timer                  0x08022874   Data          12  cmd.o(FSymTab)
    __fsym_list_device                       0x08022880   Data          12  cmd.o(FSymTab)
    __fsym___cmd_list_device                 0x0802288c   Data          12  cmd.o(FSymTab)
    __fsym_list                              0x08022898   Data          12  cmd.o(FSymTab)
    __fsym___cmd_help                        0x080228a4   Data          12  msh.o(FSymTab)
    __fsym___cmd_ps                          0x080228b0   Data          12  msh_cmd.o(FSymTab)
    __fsym___cmd_time                        0x080228bc   Data          12  msh_cmd.o(FSymTab)
    __fsym___cmd_free                        0x080228c8   Data          12  msh_cmd.o(FSymTab)
    FSymTab$$Limit                           0x080228d4   Number         0  msh_cmd.o(FSymTab)
    Region$$Table$$Base                      0x080228d4   Number         0  anon$$obj.o(Region$$Table)
    Region$$Table$$Limit                     0x080228f4   Number         0  anon$$obj.o(Region$$Table)
    __aeabi_HUGE_VAL                         0x080228f4   Data           0  fpconst.o(c$$dinf)
    __aeabi_HUGE_VALL                        0x080228f4   Data           0  fpconst.o(c$$dinf)
    __aeabi_INFINITY                         0x080228f4   Data           0  fpconst.o(c$$dinf)
    __dInf                                   0x080228f4   Data           0  fpconst.o(c$$dinf)
    __huge_val                               0x080228f4   Data           0  fpconst.o(c$$dinf)
    __ctype                                  0x08022925   Data           0  lc_ctype_c.o(locale$$data)
    rt_interrupt_nest                        0x2000000c   Data           1  irq.o(.data)
    rt_assert_hook                           0x20000018   Data           4  kservice.o(.data)
    rt_object_trytake_hook                   0x200000d4   Data           4  object.o(.data)
    rt_object_take_hook                      0x200000d8   Data           4  object.o(.data)
    rt_object_put_hook                       0x200000dc   Data           4  object.o(.data)
    rt_thread_ready_priority_group           0x200000e0   Data           4  scheduler.o(.data)
    rt_current_thread                        0x200000e8   Data           4  scheduler.o(.data)
    rt_current_priority                      0x200000ec   Data           1  scheduler.o(.data)
    rt_thread_defunct                        0x200000f0   Data           8  scheduler.o(.data)
    exti_hook                                0x20000134   Data           4  platform.o(.data)
    uart1                                    0x20000138   Data          32  usart.o(.data)
    uart3                                    0x20000158   Data          32  usart.o(.data)
    ili9486l_drv                             0x20000180   Data          60  ili9486l.o(.data)
    Font24                                   0x200001c0   Data           8  bsp_lcd.o(.data)
    Font20                                   0x200001c8   Data           8  bsp_lcd.o(.data)
    Font16                                   0x200001d0   Data           8  bsp_lcd.o(.data)
    Font12                                   0x200001d8   Data           8  bsp_lcd.o(.data)
    Font8                                    0x200001e0   Data           8  bsp_lcd.o(.data)
    i2c_bus                                  0x200001f0   Data           4  dmp.o(.data)
    SystemCoreClock                          0x20000234   Data           4  system_stm32f4xx.o(.data)
    AHBPrescTable                            0x20000238   Data          16  system_stm32f4xx.o(.data)
    rt_interrupt_from_thread                 0x20000258   Data           4  cpuport.o(.data)
    rt_interrupt_to_thread                   0x2000025c   Data           4  cpuport.o(.data)
    rt_thread_switch_interrupt_flag          0x20000260   Data           4  cpuport.o(.data)
    shell                                    0x20000268   Data           4  shell.o(.data)
    _syscall_table_begin                     0x20000270   Data           4  symbol.o(.data)
    _syscall_table_end                       0x20000274   Data           4  symbol.o(.data)
    _sysvar_table_begin                      0x20000278   Data           4  symbol.o(.data)
    _sysvar_table_end                        0x2000027c   Data           4  symbol.o(.data)
    rt_thread_priority_table                 0x200007b0   Data         256  scheduler.o(.bss)
    serial1                                  0x200008fc   Data          64  usart.o(.bss)
    serial3                                  0x2000093c   Data          64  usart.o(.bss)
    DrawProp                                 0x20000a2c   Data          12  bsp_lcd.o(.bss)
    el                                       0x20000dc0   Data          12  dmp.o(.bss)
    __libspace_start                         0x20000e90   Data          96  libspace.o(.bss)
    __temporary_stack_top$libspace           0x20000ef0   Data           0  libspace.o(.bss)
    Image$$RW_IRAM1$$ZI$$Limit               0x200014f0   Number         0  anon$$obj.o ABSOLUTE



==============================================================================

Memory Map of the image

  Image Entry point : 0x08000189

  Load Region LR_IROM1 (Base: 0x08000000, Size: 0x00022ca8, Max: 0x00100000, ABSOLUTE, COMPRESSED[0x00022b24])

    Execution Region ER_IROM1 (Base: 0x08000000, Size: 0x00022a28, Max: 0x00100000, ABSOLUTE)

    Base Addr    Size         Type   Attr      Idx    E Section Name        Object

    0x08000000   0x00000188   Data   RO         1440    RESET               startup_stm32f4xx.o
    0x08000188   0x00000008   Code   RO         1900  * !!!main             c_w.l(__main.o)
    0x08000190   0x00000034   Code   RO         2384    !!!scatter          c_w.l(__scatter.o)
    0x080001c4   0x0000005a   Code   RO         2382    !!dczerorl2         c_w.l(__dczerorl2.o)
    0x0800021e   0x00000002   PAD
    0x08000220   0x0000001c   Code   RO         2386    !!handler_zi        c_w.l(__scatter_zi.o)
    0x0800023c   0x00000000   Code   RO         1873    .ARM.Collect$$_printf_percent$$00000000  c_w.l(_printf_percent.o)
    0x0800023c   0x00000006   Code   RO         1872    .ARM.Collect$$_printf_percent$$00000003  c_w.l(_printf_f.o)
    0x08000242   0x00000004   Code   RO         2016    .ARM.Collect$$_printf_percent$$00000017  c_w.l(_printf_percent_end.o)
    0x08000246   0x00000002   Code   RO         2195    .ARM.Collect$$libinit$$00000000  c_w.l(libinit.o)
    0x08000248   0x00000004   Code   RO         2196    .ARM.Collect$$libinit$$00000001  c_w.l(libinit2.o)
    0x0800024c   0x00000000   Code   RO         2199    .ARM.Collect$$libinit$$00000004  c_w.l(libinit2.o)
    0x0800024c   0x00000000   Code   RO         2202    .ARM.Collect$$libinit$$0000000A  c_w.l(libinit2.o)
    0x0800024c   0x00000000   Code   RO         2204    .ARM.Collect$$libinit$$0000000C  c_w.l(libinit2.o)
    0x0800024c   0x00000000   Code   RO         2206    .ARM.Collect$$libinit$$0000000E  c_w.l(libinit2.o)
    0x0800024c   0x00000006   Code   RO         2207    .ARM.Collect$$libinit$$0000000F  c_w.l(libinit2.o)
    0x08000252   0x00000000   Code   RO         2209    .ARM.Collect$$libinit$$00000011  c_w.l(libinit2.o)
    0x08000252   0x0000000c   Code   RO         2210    .ARM.Collect$$libinit$$00000012  c_w.l(libinit2.o)
    0x0800025e   0x00000000   Code   RO         2211    .ARM.Collect$$libinit$$00000013  c_w.l(libinit2.o)
    0x0800025e   0x00000000   Code   RO         2213    .ARM.Collect$$libinit$$00000015  c_w.l(libinit2.o)
    0x0800025e   0x0000000a   Code   RO         2214    .ARM.Collect$$libinit$$00000016  c_w.l(libinit2.o)
    0x08000268   0x00000000   Code   RO         2215    .ARM.Collect$$libinit$$00000017  c_w.l(libinit2.o)
    0x08000268   0x00000000   Code   RO         2217    .ARM.Collect$$libinit$$00000019  c_w.l(libinit2.o)
    0x08000268   0x00000000   Code   RO         2219    .ARM.Collect$$libinit$$0000001B  c_w.l(libinit2.o)
    0x08000268   0x00000000   Code   RO         2221    .ARM.Collect$$libinit$$0000001D  c_w.l(libinit2.o)
    0x08000268   0x00000000   Code   RO         2223    .ARM.Collect$$libinit$$0000001F  c_w.l(libinit2.o)
    0x08000268   0x00000000   Code   RO         2225    .ARM.Collect$$libinit$$00000021  c_w.l(libinit2.o)
    0x08000268   0x00000000   Code   RO         2227    .ARM.Collect$$libinit$$00000023  c_w.l(libinit2.o)
    0x08000268   0x00000000   Code   RO         2229    .ARM.Collect$$libinit$$00000025  c_w.l(libinit2.o)
    0x08000268   0x00000000   Code   RO         2233    .ARM.Collect$$libinit$$0000002C  c_w.l(libinit2.o)
    0x08000268   0x00000000   Code   RO         2235    .ARM.Collect$$libinit$$0000002E  c_w.l(libinit2.o)
    0x08000268   0x00000000   Code   RO         2237    .ARM.Collect$$libinit$$00000030  c_w.l(libinit2.o)
    0x08000268   0x00000000   Code   RO         2239    .ARM.Collect$$libinit$$00000032  c_w.l(libinit2.o)
    0x08000268   0x00000002   Code   RO         2240    .ARM.Collect$$libinit$$00000033  c_w.l(libinit2.o)
    0x0800026a   0x00000002   Code   RO         2315    .ARM.Collect$$libshutdown$$00000000  c_w.l(libshutdown.o)
    0x0800026c   0x00000000   Code   RO         2342    .ARM.Collect$$libshutdown$$00000002  c_w.l(libshutdown2.o)
    0x0800026c   0x00000000   Code   RO         2344    .ARM.Collect$$libshutdown$$00000004  c_w.l(libshutdown2.o)
    0x0800026c   0x00000000   Code   RO         2347    .ARM.Collect$$libshutdown$$00000007  c_w.l(libshutdown2.o)
    0x0800026c   0x00000000   Code   RO         2350    .ARM.Collect$$libshutdown$$0000000A  c_w.l(libshutdown2.o)
    0x0800026c   0x00000000   Code   RO         2352    .ARM.Collect$$libshutdown$$0000000C  c_w.l(libshutdown2.o)
    0x0800026c   0x00000000   Code   RO         2355    .ARM.Collect$$libshutdown$$0000000F  c_w.l(libshutdown2.o)
    0x0800026c   0x00000002   Code   RO         2356    .ARM.Collect$$libshutdown$$00000010  c_w.l(libshutdown2.o)
    0x0800026e   0x00000000   Code   RO         2000    .ARM.Collect$$rtentry$$00000000  c_w.l(__rtentry.o)
    0x0800026e   0x00000000   Code   RO         2104    .ARM.Collect$$rtentry$$00000002  c_w.l(__rtentry2.o)
    0x0800026e   0x00000006   Code   RO         2116    .ARM.Collect$$rtentry$$00000004  c_w.l(__rtentry4.o)
    0x08000274   0x00000000   Code   RO         2106    .ARM.Collect$$rtentry$$00000009  c_w.l(__rtentry2.o)
    0x08000274   0x00000004   Code   RO         2107    .ARM.Collect$$rtentry$$0000000A  c_w.l(__rtentry2.o)
    0x08000278   0x00000000   Code   RO         2109    .ARM.Collect$$rtentry$$0000000C  c_w.l(__rtentry2.o)
    0x08000278   0x00000008   Code   RO         2110    .ARM.Collect$$rtentry$$0000000D  c_w.l(__rtentry2.o)
    0x08000280   0x00000002   Code   RO         2241    .ARM.Collect$$rtexit$$00000000  c_w.l(rtexit.o)
    0x08000282   0x00000000   Code   RO         2269    .ARM.Collect$$rtexit$$00000002  c_w.l(rtexit2.o)
    0x08000282   0x00000004   Code   RO         2270    .ARM.Collect$$rtexit$$00000003  c_w.l(rtexit2.o)
    0x08000286   0x00000006   Code   RO         2271    .ARM.Collect$$rtexit$$00000004  c_w.l(rtexit2.o)
    0x0800028c   0x00000088   Code   RO            1    .text               clock.o
    0x08000314   0x00000044   Code   RO           82    .text               components.o
    0x08000358   0x00000548   Code   RO          106    .text               device.o
    0x080008a0   0x000001fc   Code   RO          119    .text               idle.o
    0x08000a9c   0x00001c08   Code   RO          138    .text               ipc.o
    0x080026a4   0x0000008c   Code   RO          156    .text               irq.o
    0x08002730   0x00000ad4   Code   RO          171    .text               kservice.o
    0x08003204   0x000008b8   Code   RO          191    .text               mem.o
    0x08003abc   0x00000374   Code   RO          246    .text               object.o
    0x08003e30   0x0000038c   Code   RO          265    .text               scheduler.o
    0x080041bc   0x000007e0   Code   RO          301    .text               thread.o
    0x0800499c   0x000005bc   Code   RO          321    .text               timer.o
    0x08004f58   0x000003cc   Code   RO          340    .text               anop.o
    0x08005324   0x0000004c   Code   RO          361    .text               application.o
    0x08005370   0x000000cc   Code   RO          531    .text               startup.o
    0x0800543c   0x00000c6c   Code   RO          546    .text               wind_swing.o
    0x080060a8   0x000000f0   Code   RO          578    .text               board.o
    0x08006198   0x00000010   Code   RO          608    .text               stm32f4xx_it.o
    0x080061a8   0x000000ac   Code   RO          624    .text               platform.o
    0x08006254   0x0000053c   Code   RO          643    .text               usart.o
    0x08006790   0x0000010c   Code   RO          669    .text               gpio.o
    0x0800689c   0x00000154   Code   RO          689    .text               drv_hwtimer.o
    0x080069f0   0x00000100   Code   RO          713    .text               stm32_i2c.o
    0x08006af0   0x000002ac   Code   RO          732    .text               drv_pwm.o
    0x08006d9c   0x000007a4   Code   RO          754    .text               ili9486l.o
    0x08007540   0x00000e78   Code   RO          779    .text               bsp_lcd.o
    0x080083b8   0x000005ac   Code   RO          825    .text               dmp.o
    0x08008964   0x00001f64   Code   RO          864    .text               inv_mpu.o
    0x0800a8c8   0x00000d94   Code   RO          897    .text               inv_mpu_dmp_motion_driver.o
    0x0800b65c   0x00000210   Code   RO          919    .text               system_stm32f4xx.o
    0x0800b86c   0x000001ec   Code   RO          941    .text               misc.o
    0x0800ba58   0x000013cc   Code   RO         1117    .text               stm32f4xx_dma.o
    0x0800ce24   0x0000030c   Code   RO         1133    .text               stm32f4xx_exti.o
    0x0800d130   0x00000d9c   Code   RO         1165    .text               stm32f4xx_fsmc.o
    0x0800decc   0x00000916   Code   RO         1181    .text               stm32f4xx_gpio.o
    0x0800e7e2   0x00000002   PAD
    0x0800e7e4   0x00000d7c   Code   RO         1293    .text               stm32f4xx_rcc.o
    0x0800f560   0x00000184   Code   RO         1375    .text               stm32f4xx_syscfg.o
    0x0800f6e4   0x00003294   Code   RO         1391    .text               stm32f4xx_tim.o
    0x08012978   0x00000eb4   Code   RO         1407    .text               stm32f4xx_usart.o
    0x0801382c   0x00000040   Code   RO         1441    .text               startup_stm32f4xx.o
    0x0801386c   0x000002d0   Code   RO         1445    .text               pid.o
    0x08013b3c   0x0000060c   Code   RO         1491    .text               cpuport.o
    0x08014148   0x00000134   Code   RO         1507    .text               context_rvds.o
    0x0801427c   0x000004cc   Code   RO         1511    .text               hwtimer.o
    0x08014748   0x00000148   Code   RO         1525    .text               i2c_core.o
    0x08014890   0x00000168   Code   RO         1541    .text               i2c_dev.o
    0x080149f8   0x00000460   Code   RO         1555    .text               i2c-bit-ops.o
    0x08014e58   0x00000238   Code   RO         1569    .text               pin.o
    0x08015090   0x000002b4   Code   RO         1587    .text               rt_drv_pwm.o
    0x08015344   0x00000c60   Code   RO         1611    .text               serial.o
    0x08015fa4   0x000001cc   Code   RO         1628    .text               completion.o
    0x08016170   0x00000424   Code   RO         1644    .text               dataqueue.o
    0x08016594   0x000009c8   Code   RO         1741    .text               shell.o
    0x08016f5c   0x00000d8c   Code   RO         1782    .text               cmd.o
    0x08017ce8   0x00000368   Code   RO         1803    .text               msh.o
    0x08018050   0x00000022   Code   RO         1820    .text               msh_cmd.o
    0x08018072   0x00000048   Code   RO         1844    .text               c_w.l(llsdiv.o)
    0x080180ba   0x00000002   PAD
    0x080180bc   0x00000028   Code   RO         1848    .text               c_w.l(noretval__2sprintf.o)
    0x080180e4   0x0000010e   Code   RO         1860    .text               c_w.l(__printf_wp.o)
    0x080181f2   0x0000001a   Code   RO         1874    .text               c_w.l(atoi.o)
    0x0801820c   0x00000058   Code   RO         1876    .text               c_w.l(memcmp.o)
    0x08018264   0x00000048   Code   RO         1878    .text               c_w.l(strcpy.o)
    0x080182ac   0x0000003e   Code   RO         1880    .text               c_w.l(strlen.o)
    0x080182ea   0x00000096   Code   RO         1882    .text               c_w.l(strncmp.o)
    0x08018380   0x00000018   Code   RO         1884    .text               c_w.l(strcat.o)
    0x08018398   0x0000008a   Code   RO         1886    .text               c_w.l(rt_memcpy_v6.o)
    0x08018422   0x00000064   Code   RO         1888    .text               c_w.l(rt_memcpy_w.o)
    0x08018486   0x00000010   Code   RO         1890    .text               c_w.l(aeabi_memset.o)
    0x08018496   0x00000044   Code   RO         1892    .text               c_w.l(rt_memclr.o)
    0x080184da   0x0000004e   Code   RO         1894    .text               c_w.l(rt_memclr_w.o)
    0x08018528   0x00000056   Code   RO         1896    .text               c_w.l(strncpy.o)
    0x0801857e   0x00000006   Code   RO         1898    .text               c_w.l(heapauxi.o)
    0x08018584   0x00000008   Code   RO         2004    .text               c_w.l(rt_errno_addr_intlibspace.o)
    0x0801858c   0x000000ee   Code   RO         2006    .text               c_w.l(lludivv7m.o)
    0x0801867a   0x00000016   Code   RO         2008    .text               c_w.l(_rserrno.o)
    0x08018690   0x0000041a   Code   RO         2010    .text               c_w.l(_printf_fp_dec.o)
    0x08018aaa   0x00000002   PAD
    0x08018aac   0x00000030   Code   RO         2012    .text               c_w.l(_printf_char_common.o)
    0x08018adc   0x0000000a   Code   RO         2014    .text               c_w.l(_sputc.o)
    0x08018ae6   0x00000002   PAD
    0x08018ae8   0x000000a4   Code   RO         2017    .text               c_w.l(strtod.o)
    0x08018b8c   0x00000070   Code   RO         2019    .text               c_w.l(strtol.o)
    0x08018bfc   0x00000008   Code   RO         2100    .text               c_w.l(libspace.o)
    0x08018c04   0x00000010   Code   RO         2118    .text               c_w.l(rt_ctype_table.o)
    0x08018c14   0x00000008   Code   RO         2127    .text               c_w.l(rt_locale_intlibspace.o)
    0x08018c1c   0x0000008a   Code   RO         2129    .text               c_w.l(lludiv10.o)
    0x08018ca6   0x00000012   Code   RO         2131    .text               c_w.l(isspace.o)
    0x08018cb8   0x00000080   Code   RO         2133    .text               c_w.l(_printf_fp_infnan.o)
    0x08018d38   0x00000040   Code   RO         2137    .text               c_w.l(_sgetc.o)
    0x08018d78   0x0000009e   Code   RO         2139    .text               c_w.l(_strtoul.o)
    0x08018e16   0x00000002   PAD
    0x08018e18   0x000000dc   Code   RO         2141    .text               c_w.l(bigflt0.o)
    0x08018ef4   0x0000004a   Code   RO         2175    .text               c_w.l(sys_stackheap_outer.o)
    0x08018f3e   0x0000001c   Code   RO         2179    .text               c_w.l(_chval.o)
    0x08018f5a   0x00000002   PAD
    0x08018f5c   0x000004a4   Code   RO         2181    .text               c_w.l(scanf_fp.o)
    0x08019400   0x00000012   Code   RO         2186    .text               c_w.l(exit.o)
    0x08019412   0x00000002   PAD
    0x08019414   0x00000080   Code   RO         2188    .text               c_w.l(strcmpv7m.o)
    0x08019494   0x00000320   Code   RO         2277    .text               c_w.l(scanf_hexfp.o)
    0x080197b4   0x00000134   Code   RO         2279    .text               c_w.l(scanf_infnan.o)
    0x080198e8   0x0000000c   Code   RO         2299    .text               c_w.l(sys_exit.o)
    0x080198f4   0x00000026   Code   RO         2303    .text               c_w.l(llshl.o)
    0x0801991a   0x00000002   Code   RO         2334    .text               c_w.l(use_no_semi.o)
    0x0801991c   0x00000000   Code   RO         2336    .text               c_w.l(indicate_semi.o)
    0x0801991c   0x0000003e   Code   RO         2144    CL$$btod_d2e        c_w.l(btod.o)
    0x0801995a   0x00000046   Code   RO         2146    CL$$btod_d2e_denorm_low  c_w.l(btod.o)
    0x080199a0   0x00000060   Code   RO         2145    CL$$btod_d2e_norm_op1  c_w.l(btod.o)
    0x08019a00   0x00000338   Code   RO         2154    CL$$btod_div_common  c_w.l(btod.o)
    0x08019d38   0x00000054   Code   RO         2152    CL$$btod_e2d        c_w.l(btod.o)
    0x08019d8c   0x000000c6   Code   RO         2151    CL$$btod_e2e        c_w.l(btod.o)
    0x08019e52   0x00000028   Code   RO         2148    CL$$btod_ediv       c_w.l(btod.o)
    0x08019e7a   0x00000028   Code   RO         2150    CL$$btod_edivd      c_w.l(btod.o)
    0x08019ea2   0x00000028   Code   RO         2147    CL$$btod_emul       c_w.l(btod.o)
    0x08019eca   0x00000028   Code   RO         2149    CL$$btod_emuld      c_w.l(btod.o)
    0x08019ef2   0x00000244   Code   RO         2153    CL$$btod_mult_common  c_w.l(btod.o)
    0x0801a136   0x00000030   Code   RO         2057    i.__ARM_fpclassify  m_wm.l(fpclassify.o)
    0x0801a166   0x00000026   Code   RO         2059    i.__ARM_fpclassifyf  m_wm.l(fpclassifyf.o)
    0x0801a18c   0x0000012c   Code   RO         1926    i.__hardfp_asinf    m_wm.l(asinf.o)
    0x0801a2b8   0x000002d8   Code   RO         1938    i.__hardfp_atan     m_wm.l(atan.o)
    0x0801a590   0x00000250   Code   RO         1952    i.__hardfp_atan2f   m_wm.l(atan2f.o)
    0x0801a7e0   0x00000038   Code   RO         1964    i.__hardfp_atof     m_wm.l(atof.o)
    0x0801a818   0x000000c8   Code   RO         1970    i.__hardfp_cos      m_wm.l(cos.o)
    0x0801a8e0   0x00000014   Code   RO         1982    i.__hardfp_fabs     m_wm.l(fabs.o)
    0x0801a8f4   0x00000004   PAD
    0x0801a8f8   0x000000d0   Code   RO         2316    i.__hardfp_ldexp    m_wm.l(ldexp.o)
    0x0801a9c8   0x000000c8   Code   RO         1988    i.__hardfp_sin      m_wm.l(sin.o)
    0x0801aa90   0x00000438   Code   RO         2077    i.__ieee754_rem_pio2  m_wm.l(rred.o)
    0x0801aec8   0x00000170   Code   RO         2040    i.__kernel_cos      m_wm.l(cos_i.o)
    0x0801b038   0x000000f8   Code   RO         2075    i.__kernel_poly     m_wm.l(poly.o)
    0x0801b130   0x00000130   Code   RO         2082    i.__kernel_sin      m_wm.l(sin_i.o)
    0x0801b260   0x00000014   Code   RO         2044    i.__mathlib_dbl_infnan  m_wm.l(dunder.o)
    0x0801b274   0x00000004   PAD
    0x0801b278   0x00000020   Code   RO         2046    i.__mathlib_dbl_invalid  m_wm.l(dunder.o)
    0x0801b298   0x00000020   Code   RO         2047    i.__mathlib_dbl_overflow  m_wm.l(dunder.o)
    0x0801b2b8   0x00000020   Code   RO         2049    i.__mathlib_dbl_underflow  m_wm.l(dunder.o)
    0x0801b2d8   0x00000006   Code   RO         2062    i.__mathlib_flt_infnan  m_wm.l(funder.o)
    0x0801b2de   0x00000006   Code   RO         2063    i.__mathlib_flt_infnan2  m_wm.l(funder.o)
    0x0801b2e4   0x00000010   Code   RO         2064    i.__mathlib_flt_invalid  m_wm.l(funder.o)
    0x0801b2f4   0x00000010   Code   RO         2067    i.__mathlib_flt_underflow  m_wm.l(funder.o)
    0x0801b304   0x00000004   PAD
    0x0801b308   0x000000b8   Code   RO         2261    i.__mathlib_narrow  m_wm.l(narrow.o)
    0x0801b3c0   0x00000014   Code   RO         2318    i.__support_ldexp   m_wm.l(ldexp.o)
    0x0801b3d4   0x0000000e   Code   RO         1862    i._is_digit         c_w.l(__printf_wp.o)
    0x0801b3e2   0x00000018   Code   RO         1984    i.fabs              m_wm.l(fabs.o)
    0x0801b3fa   0x00000006   PAD
    0x0801b400   0x0000008c   Code   RO         2293    i.frexp             m_wm.l(frexp.o)
    0x0801b48c   0x0000003e   Code   RO         2090    i.sqrtf             m_wm.l(sqrtf.o)
    0x0801b4ca   0x00000002   PAD
    0x0801b4cc   0x0000002c   Code   RO         2167    locale$$code        c_w.l(lc_numeric_c.o)
    0x0801b4f8   0x0000002c   Code   RO         2184    locale$$code        c_w.l(lc_ctype_c.o)
    0x0801b524   0x00000018   Code   RO         2021    x$fpl$basic         fz_wm.l(basic.o)
    0x0801b53c   0x00000062   Code   RO         1902    x$fpl$d2f           fz_wm.l(d2f.o)
    0x0801b59e   0x00000002   PAD
    0x0801b5a0   0x00000150   Code   RO         2023    x$fpl$dadd          fz_wm.l(daddsub_clz.o)
    0x0801b6f0   0x00000010   Code   RO         2374    x$fpl$dcheck1       fz_wm.l(dcheck1.o)
    0x0801b700   0x00000018   Code   RO         2169    x$fpl$dcmpinf       fz_wm.l(dcmpi.o)
    0x0801b718   0x000002b0   Code   RO         1905    x$fpl$ddiv          fz_wm.l(ddiv.o)
    0x0801b9c8   0x00000078   Code   RO         2289    x$fpl$deqf          fz_wm.l(deqf.o)
    0x0801ba40   0x0000005e   Code   RO         1908    x$fpl$dfix          fz_wm.l(dfix.o)
    0x0801ba9e   0x0000002e   Code   RO         1913    x$fpl$dflt          fz_wm.l(dflt_clz.o)
    0x0801bacc   0x00000026   Code   RO         1912    x$fpl$dfltu         fz_wm.l(dflt_clz.o)
    0x0801baf2   0x00000002   PAD
    0x0801baf4   0x00000078   Code   RO         2029    x$fpl$dleqf         fz_wm.l(dleqf.o)
    0x0801bb6c   0x00000154   Code   RO         1918    x$fpl$dmul          fz_wm.l(dmul.o)
    0x0801bcc0   0x0000009c   Code   RO         2031    x$fpl$dnaninf       fz_wm.l(dnaninf.o)
    0x0801bd5c   0x0000000c   Code   RO         2033    x$fpl$dretinf       fz_wm.l(dretinf.o)
    0x0801bd68   0x0000006c   Code   RO         1920    x$fpl$drleqf        fz_wm.l(drleqf.o)
    0x0801bdd4   0x00000016   Code   RO         2024    x$fpl$drsb          fz_wm.l(daddsub_clz.o)
    0x0801bdea   0x00000002   PAD
    0x0801bdec   0x000001d4   Code   RO         2025    x$fpl$dsub          fz_wm.l(daddsub_clz.o)
    0x0801bfc0   0x00000056   Code   RO         1922    x$fpl$f2d           fz_wm.l(f2d.o)
    0x0801c016   0x0000008c   Code   RO         2035    x$fpl$fnaninf       fz_wm.l(fnaninf.o)
    0x0801c0a2   0x0000000a   Code   RO         2252    x$fpl$fpinit        fz_wm.l(fpinit.o)
    0x0801c0ac   0x0000000a   Code   RO         2037    x$fpl$fretinf       fz_wm.l(fretinf.o)
    0x0801c0b6   0x00000004   Code   RO         1924    x$fpl$printf1       fz_wm.l(printf1.o)
    0x0801c0ba   0x00000064   Code   RO         2376    x$fpl$retnan        fz_wm.l(retnan.o)
    0x0801c11e   0x0000005c   Code   RO         2357    x$fpl$scalbn        fz_wm.l(scalbn.o)
    0x0801c17a   0x00000004   Code   RO         2173    x$fpl$scanf1        fz_wm.l(scanf1.o)
    0x0801c17e   0x00000008   Code   RO         2254    x$fpl$scanf2        fz_wm.l(scanf2.o)
    0x0801c186   0x00000030   Code   RO         2378    x$fpl$trapveneer    fz_wm.l(trapv.o)
    0x0801c1b6   0x00000000   Code   RO         2039    x$fpl$usenofp       fz_wm.l(usenofp.o)
    0x0801c1b6   0x000000c9   Data   RO          107    .constdata          device.o
    0x0801c27f   0x00000016   Data   RO          121    .constdata          idle.o
    0x0801c295   0x000001f7   Data   RO          139    .constdata          ipc.o
    0x0801c48c   0x00000122   Data   RO          173    .constdata          kservice.o
    0x0801c5ae   0x0000003c   Data   RO          193    .constdata          mem.o
    0x0801c5ea   0x00000080   Data   RO          247    .constdata          object.o
    0x0801c66a   0x0000004e   Data   RO          267    .constdata          scheduler.o
    0x0801c6b8   0x000000b9   Data   RO          302    .constdata          thread.o
    0x0801c771   0x0000005c   Data   RO          322    .constdata          timer.o
    0x0801c7cd   0x00000050   Data   RO          341    .constdata          anop.o
    0x0801c81d   0x00000003   PAD
    0x0801c820   0x0000005c   Data   RO          645    .constdata          usart.o
    0x0801c87c   0x00000378   Data   RO          670    .constdata          gpio.o
    0x0801cbf4   0x00000024   Data   RO          691    .constdata          drv_hwtimer.o
    0x0801cc18   0x00000020   Data   RO          715    .constdata          stm32_i2c.o
    0x0801cc38   0x00003cdc   Data   RO          781    .constdata          bsp_lcd.o
    0x08020914   0x0000000d   Data   RO          827    .constdata          dmp.o
    0x08020921   0x00000003   PAD
    0x08020924   0x00000054   Data   RO          865    .constdata          inv_mpu.o
    0x08020978   0x00000bf6   Data   RO          899    .constdata          inv_mpu_dmp_motion_driver.o
    0x0802156e   0x00000013   Data   RO         1492    .constdata          cpuport.o
    0x08021581   0x00000003   PAD
    0x08021584   0x00000049   Data   RO         1512    .constdata          hwtimer.o
    0x080215cd   0x00000013   Data   RO         1526    .constdata          i2c_core.o
    0x080215e0   0x00000076   Data   RO         1542    .constdata          i2c_dev.o
    0x08021656   0x00000002   PAD
    0x08021658   0x0000000c   Data   RO         1556    .constdata          i2c-bit-ops.o
    0x08021664   0x00000095   Data   RO         1571    .constdata          pin.o
    0x080216f9   0x00000003   PAD
    0x080216fc   0x00000018   Data   RO         1588    .constdata          rt_drv_pwm.o
    0x08021714   0x00000142   Data   RO         1612    .constdata          serial.o
    0x08021856   0x00000039   Data   RO         1629    .constdata          completion.o
    0x0802188f   0x0000004b   Data   RO         1645    .constdata          dataqueue.o
    0x080218da   0x00000087   Data   RO         1743    .constdata          shell.o
    0x08021961   0x00000003   PAD
    0x08021964   0x00000054   Data   RO         1783    .constdata          cmd.o
    0x080219b8   0x0000000e   Data   RO         1804    .constdata          msh.o
    0x080219c6   0x00000002   PAD
    0x080219c8   0x00000098   Data   RO         1941    .constdata          m_wm.l(atan.o)
    0x08021a60   0x00000030   Data   RO         2041    .constdata          m_wm.l(cos_i.o)
    0x08021a90   0x000000c8   Data   RO         2079    .constdata          m_wm.l(rred.o)
    0x08021b58   0x00000028   Data   RO         2083    .constdata          m_wm.l(sin_i.o)
    0x08021b80   0x00000094   Data   RO         2142    .constdata          c_w.l(bigflt0.o)
    0x08021c14   0x0000015a   Data   RO          140    .conststring        ipc.o
    0x08021d6e   0x00000002   PAD
    0x08021d70   0x000000eb   Data   RO          194    .conststring        mem.o
    0x08021e5b   0x00000001   PAD
    0x08021e5c   0x00000042   Data   RO          303    .conststring        thread.o
    0x08021e9e   0x00000002   PAD
    0x08021ea0   0x0000004d   Data   RO          866    .conststring        inv_mpu.o
    0x08021eed   0x00000003   PAD
    0x08021ef0   0x0000016d   Data   RO         1784    .conststring        cmd.o
    0x0802205d   0x00000027   Data   RO          196    .rodata.name        mem.o
    0x08022084   0x000000be   Data   RO          549    .rodata.name        wind_swing.o
    0x08022142   0x0000001b   Data   RO          579    .rodata.name        board.o
    0x0802215d   0x00000044   Data   RO          734    .rodata.name        drv_pwm.o
    0x080221a1   0x00000029   Data   RO          829    .rodata.name        dmp.o
    0x080221ca   0x00000069   Data   RO         1572    .rodata.name        pin.o
    0x08022233   0x0000009a   Data   RO         1589    .rodata.name        rt_drv_pwm.o
    0x080222cd   0x0000032f   Data   RO         1785    .rodata.name        cmd.o
    0x080225fc   0x00000021   Data   RO         1805    .rodata.name        msh.o
    0x0802261d   0x0000007b   Data   RO         1821    .rodata.name        msh_cmd.o
    0x08022698   0x00000004   Data   RO           83    .rti_fn.0           components.o
    0x0802269c   0x00000004   Data   RO           84    .rti_fn.0.end       components.o
    0x080226a0   0x00000004   Data   RO          647    .rti_fn.1           usart.o
    0x080226a4   0x00000004   Data   RO          671    .rti_fn.1           gpio.o
    0x080226a8   0x00000004   Data   RO          692    .rti_fn.1           drv_hwtimer.o
    0x080226ac   0x00000004   Data   RO          735    .rti_fn.1           drv_pwm.o
    0x080226b0   0x00000004   Data   RO           85    .rti_fn.1.end       components.o
    0x080226b4   0x00000004   Data   RO          343    .rti_fn.4           anop.o
    0x080226b8   0x00000004   Data   RO         1527    .rti_fn.4           i2c_core.o
    0x080226bc   0x00000004   Data   RO         1745    .rti_fn.6           shell.o
    0x080226c0   0x00000004   Data   RO           86    .rti_fn.6.end       components.o
    0x080226c4   0x0000000c   Data   RO          197    FSymTab             mem.o
    0x080226d0   0x0000003c   Data   RO          550    FSymTab             wind_swing.o
    0x0802270c   0x0000000c   Data   RO          580    FSymTab             board.o
    0x08022718   0x00000018   Data   RO          736    FSymTab             drv_pwm.o
    0x08022730   0x0000000c   Data   RO          830    FSymTab             dmp.o
    0x0802273c   0x00000024   Data   RO         1573    FSymTab             pin.o
    0x08022760   0x0000003c   Data   RO         1590    FSymTab             rt_drv_pwm.o
    0x0802279c   0x00000108   Data   RO         1786    FSymTab             cmd.o
    0x080228a4   0x0000000c   Data   RO         1806    FSymTab             msh.o
    0x080228b0   0x00000024   Data   RO         1822    FSymTab             msh_cmd.o
    0x080228d4   0x00000020   Data   RO         2380    Region$$Table       anon$$obj.o
    0x080228f4   0x00000008   Data   RO         2249    c$$dinf             fz_wm.l(fpconst.o)
    0x080228fc   0x0000001c   Data   RO         2166    locale$$data        c_w.l(lc_numeric_c.o)
    0x08022918   0x00000110   Data   RO         2183    locale$$data        c_w.l(lc_ctype_c.o)


    Execution Region RW_IRAM1 (Base: 0x20000000, Size: 0x000014f0, Max: 0x00020000, ABSOLUTE, COMPRESSED[0x000000fc])

    Base Addr    Size         Type   Attr      Idx    E Section Name        Object

    0x20000000   0x00000004   Data   RW            2    .data               clock.o
    0x20000004   0x00000009   Data   RW          157    .data               irq.o
    0x2000000d   0x00000003   PAD
    0x20000010   0x0000000c   Data   RW          174    .data               kservice.o
    0x2000001c   0x00000020   Data   RW          195    .data               mem.o
    0x2000003c   0x000000a4   Data   RW          248    .data               object.o
    0x200000e0   0x0000001c   Data   RW          268    .data               scheduler.o
    0x200000fc   0x0000000c   Data   RW          304    .data               thread.o
    0x20000108   0x00000014   Data   RW          323    .data               timer.o
    0x2000011c   0x00000004   Data   RW          342    .data               anop.o
    0x20000120   0x00000014   Data   RW          548    .data               wind_swing.o
    0x20000134   0x00000004   Data   RW          625    .data               platform.o
    0x20000138   0x00000040   Data   RW          646    .data               usart.o
    0x20000178   0x00000004   Data   RW          733    .data               drv_pwm.o
    0x2000017c   0x00000040   Data   RW          755    .data               ili9486l.o
    0x200001bc   0x00000030   Data   RW          782    .data               bsp_lcd.o
    0x200001ec   0x00000019   Data   RW          828    .data               dmp.o
    0x20000205   0x00000003   PAD
    0x20000208   0x0000002c   Data   RW          867    .data               inv_mpu.o
    0x20000234   0x00000014   Data   RW          920    .data               system_stm32f4xx.o
    0x20000248   0x00000010   Data   RW         1294    .data               stm32f4xx_rcc.o
    0x20000258   0x00000010   Data   RW         1493    .data               cpuport.o
    0x20000268   0x00000008   Data   RW         1744    .data               shell.o
    0x20000270   0x00000010   Data   RW         1766    .data               symbol.o
    0x20000280   0x00000490   Zero   RW          120    .bss                idle.o
    0x20000710   0x00000080   Zero   RW          172    .bss                kservice.o
    0x20000790   0x00000020   Zero   RW          192    .bss                mem.o
    0x200007b0   0x00000100   Zero   RW          266    .bss                scheduler.o
    0x200008b0   0x0000004c   Zero   RW          547    .bss                wind_swing.o
    0x200008fc   0x00000080   Zero   RW          644    .bss                usart.o
    0x2000097c   0x0000004c   Zero   RW          690    .bss                drv_hwtimer.o
    0x200009c8   0x00000064   Zero   RW          714    .bss                stm32_i2c.o
    0x20000a2c   0x00000372   Zero   RW          780    .bss                bsp_lcd.o
    0x20000d9e   0x00000002   PAD
    0x20000da0   0x0000002c   Zero   RW          826    .bss                dmp.o
    0x20000dcc   0x00000010   Zero   RW          898    .bss                inv_mpu_dmp_motion_driver.o
    0x20000ddc   0x00000030   Zero   RW         1570    .bss                pin.o
    0x20000e0c   0x00000081   Zero   RW         1742    .bss                shell.o
    0x20000e8d   0x00000003   PAD
    0x20000e90   0x00000060   Zero   RW         2101    .bss                c_w.l(libspace.o)
    0x20000ef0   0x00000200   Zero   RW         1439    HEAP                startup_stm32f4xx.o
    0x200010f0   0x00000400   Zero   RW         1438    STACK               startup_stm32f4xx.o


==============================================================================

Image component sizes


      Code (inc. data)   RO Data    RW Data    ZI Data      Debug   Object Name

       972         58         84          4          0       4412   anop.o
        76         10          0          0          0     286915   application.o
       240         38         39          0          0      20276   board.o
      3704         76      15580         48        882      17289   bsp_lcd.o
       136          6          0          4          0      17654   clock.o
      3468       1218       1528          0          0      15660   cmd.o
       460        128         57          0          0       4951   completion.o
        68         12         16          0          0       1904   components.o
       308         26          0          0          0        848   context_rvds.o
      1548        738         19         16          0       5159   cpuport.o
      1060        116         75          0          0       5017   dataqueue.o
      1352        312        201          0          0       5826   device.o
      1452        152         66         25         44       6853   dmp.o
       340         22         40          0         76       2908   drv_hwtimer.o
       684         90         96          4          0       2909   drv_pwm.o
       268         12        892          0          0       2640   gpio.o
      1228         90         73          0          0       4827   hwtimer.o
      1120          6         12          0          0       6553   i2c-bit-ops.o
       328         36         23          0          0       3368   i2c_core.o
       360         58        118          0          0       2796   i2c_dev.o
       508         78         22          0       1168       5788   idle.o
      1956         28          0         64          0       8179   ili9486l.o
      8036        200        161         44          0      22220   inv_mpu.o
      3476        144       3062          0         16      15503   inv_mpu_dmp_motion_driver.o
      7176       1040        849          0          0      22523   ipc.o
       140         14          0          9          0       1984   irq.o
      2772        236        290         12        128      12660   kservice.o
      2232        634        346         32         32       5595   mem.o
       492         74          0          0          0       2117   misc.o
       872        136         59          0          0       4448   msh.o
        34          0        159          0          0       2403   msh_cmd.o
       884        184        128        164          0       8575   object.o
       720          4          0          0          0       2940   pid.o
       568         84        290          0         48       5166   pin.o
       172          8          0          4          0       1398   platform.o
       692         64        238          0          0       6134   rt_drv_pwm.o
       908        150         78         28        256       7261   scheduler.o
      3168        390        322          0          0      10057   serial.o
      2504        260        139          8        129       6898   shell.o
       204         98          0          0          0       1282   startup.o
        64         26        392          0       1536        892   startup_stm32f4xx.o
       256         20         32          0        100       2225   stm32_i2c.o
      5068        352          0          0          0       9041   stm32f4xx_dma.o
       780         70          0          0          0       2791   stm32f4xx_exti.o
      3484         76          0          0          0       6895   stm32f4xx_fsmc.o
      2326        132          0          0          0       5497   stm32f4xx_gpio.o
        16          0          0          0          0        828   stm32f4xx_it.o
      3452        262          0         16          0      13587   stm32f4xx_rcc.o
       388         72          0          0          0       1875   stm32f4xx_syscfg.o
     12948        670          0          0          0      31288   stm32f4xx_tim.o
      3764        164          0          0          0      10168   stm32f4xx_usart.o
         0          0          0         16          0       5229   symbol.o
       528         46          0         20          0       2003   system_stm32f4xx.o
      2016        434        251         12          0      10633   thread.o
      1468        276         92         20          0       9195   timer.o
      1340        140         96         64        128      25109   usart.o
      3180        308        250         20         76       8631   wind_swing.o

    ----------------------------------------------------------------------
     97766      10078      26234        640       4624     717783   Object Totals
         0          0         32          0          0          0   (incl. Generated)
         2          0         27          6          5          0   (incl. Padding)

    ----------------------------------------------------------------------

      Code (inc. data)   RO Data    RW Data    ZI Data      Debug   Library Member Name

        90          0          0          0          0          0   __dczerorl2.o
         8          0          0          0          0         68   __main.o
       284          0          0          0          0        156   __printf_wp.o
         0          0          0          0          0          0   __rtentry.o
        12          0          0          0          0          0   __rtentry2.o
         6          0          0          0          0          0   __rtentry4.o
        52          8          0          0          0          0   __scatter.o
        28          0          0          0          0          0   __scatter_zi.o
        28          0          0          0          0         68   _chval.o
        48          6          0          0          0         96   _printf_char_common.o
         6          0          0          0          0          0   _printf_f.o
      1050          0          0          0          0        216   _printf_fp_dec.o
       128         16          0          0          0         84   _printf_fp_infnan.o
         0          0          0          0          0          0   _printf_percent.o
         4          0          0          0          0          0   _printf_percent_end.o
        22          0          0          0          0        100   _rserrno.o
        64          0          0          0          0         84   _sgetc.o
        10          0          0          0          0         68   _sputc.o
       158          0          0          0          0         92   _strtoul.o
        16          0          0          0          0         68   aeabi_memset.o
        26          0          0          0          0         80   atoi.o
       220          4        148          0          0         96   bigflt0.o
      2074        132          0          0          0        940   btod.o
        18          0          0          0          0         80   exit.o
         6          0          0          0          0        152   heapauxi.o
         0          0          0          0          0          0   indicate_semi.o
        18          0          0          0          0         76   isspace.o
        44         10        272          0          0         76   lc_ctype_c.o
        44         10         28          0          0         76   lc_numeric_c.o
         2          0          0          0          0          0   libinit.o
        34          0          0          0          0          0   libinit2.o
         2          0          0          0          0          0   libshutdown.o
         2          0          0          0          0          0   libshutdown2.o
         8          4          0          0         96         68   libspace.o
        72          0          0          0          0         76   llsdiv.o
        38          0          0          0          0         68   llshl.o
       138          0          0          0          0         80   lludiv10.o
       238          0          0          0          0        100   lludivv7m.o
        88          0          0          0          0         76   memcmp.o
        40          6          0          0          0         84   noretval__2sprintf.o
        16          4          0          0          0         76   rt_ctype_table.o
         8          4          0          0          0         68   rt_errno_addr_intlibspace.o
         8          4          0          0          0         68   rt_locale_intlibspace.o
        68          0          0          0          0         68   rt_memclr.o
        78          0          0          0          0         80   rt_memclr_w.o
       138          0          0          0          0         68   rt_memcpy_v6.o
       100          0          0          0          0         80   rt_memcpy_w.o
         2          0          0          0          0          0   rtexit.o
        10          0          0          0          0          0   rtexit2.o
      1188         12          0          0          0        148   scanf_fp.o
       800         14          0          0          0        100   scanf_hexfp.o
       308         16          0          0          0        100   scanf_infnan.o
        24          0          0          0          0         68   strcat.o
       128          0          0          0          0         68   strcmpv7m.o
        72          0          0          0          0         80   strcpy.o
        62          0          0          0          0         76   strlen.o
       150          0          0          0          0         80   strncmp.o
        86          0          0          0          0         76   strncpy.o
       164         14          0          0          0        120   strtod.o
       112          0          0          0          0         88   strtol.o
        12          4          0          0          0         68   sys_exit.o
        74          0          0          0          0         80   sys_stackheap_outer.o
         2          0          0          0          0         68   use_no_semi.o
        24          0          0          0          0        164   basic.o
        98          4          0          0          0        140   d2f.o
       826         16          0          0          0        492   daddsub_clz.o
        16          4          0          0          0        116   dcheck1.o
        24          0          0          0          0        116   dcmpi.o
       688        140          0          0          0        256   ddiv.o
       120          4          0          0          0        140   deqf.o
        94          4          0          0          0        140   dfix.o
        84          0          0          0          0        232   dflt_clz.o
       120          4          0          0          0        140   dleqf.o
       340         12          0          0          0        152   dmul.o
       156          4          0          0          0        140   dnaninf.o
        12          0          0          0          0        116   dretinf.o
       108          0          0          0          0        128   drleqf.o
        86          4          0          0          0        132   f2d.o
       140          4          0          0          0        132   fnaninf.o
         0          0          8          0          0          0   fpconst.o
        10          0          0          0          0        116   fpinit.o
        10          0          0          0          0        116   fretinf.o
         4          0          0          0          0        116   printf1.o
       100          0          0          0          0        116   retnan.o
        92          0          0          0          0        116   scalbn.o
         4          0          0          0          0        116   scanf1.o
         8          0          0          0          0        132   scanf2.o
        48          0          0          0          0        116   trapv.o
         0          0          0          0          0          0   usenofp.o
       300         42          0          0          0        176   asinf.o
       728        106        152          0          0        228   atan.o
       592         90          0          0          0        184   atan2f.o
        56         12          0          0          0        132   atof.o
       200         20          0          0          0        164   cos.o
       368         46         48          0          0        200   cos_i.o
       116         24          0          0          0        496   dunder.o
        44          0          0          0          0        248   fabs.o
        48          0          0          0          0        124   fpclassify.o
        38          0          0          0          0        116   fpclassifyf.o
       140         22          0          0          0        132   frexp.o
        44         12          0          0          0        464   funder.o
       228          8          0          0          0        308   ldexp.o
       184         18          0          0          0        152   narrow.o
       248          0          0          0          0        152   poly.o
      1080        142        200          0          0        188   rred.o
       200         20          0          0          0        164   sin.o
       304         24         40          0          0        208   sin_i.o
        62          0          0          0          0        136   sqrtf.o

    ----------------------------------------------------------------------
     16968       1058        896          0         96      12608   Library Totals
        40          4          0          0          0          0   (incl. Padding)

    ----------------------------------------------------------------------

      Code (inc. data)   RO Data    RW Data    ZI Data      Debug   Library Name

      8736        268        448          0         96       4956   c_w.l
      3212        200          8          0          0       3680   fz_wm.l
      4980        586        440          0          0       3972   m_wm.l

    ----------------------------------------------------------------------
     16968       1058        896          0         96      12608   Library Totals

    ----------------------------------------------------------------------

==============================================================================


      Code (inc. data)   RO Data    RW Data    ZI Data      Debug   

    114734      11136      27130        640       4720     712431   Grand Totals
    114734      11136      27130        252       4720     712431   ELF Image Totals (compressed)
    114734      11136      27130        252          0          0   ROM Totals

==============================================================================

    Total RO  Size (Code + RO Data)               141864 ( 138.54kB)
    Total RW  Size (RW Data + ZI Data)              5360 (   5.23kB)
    Total ROM Size (Code + RO Data + RW Data)     142116 ( 138.79kB)

==============================================================================

